2026-09-09 06:50:33.953: [INFO] CurrentProfilePath: C:\Users\Student-A\eclipse-workspace\.metadata\.plugins\org.eclipse.swt\EBWebView\Default
2026-09-09 06:50:33.953: [INFO] Profiles total count: 1
2026-09-09 06:50:33.953: [INFO] Profile: name=Profile 1 path=C:\Users\Student-A\eclipse-workspace\.metadata\.plugins\org.eclipse.swt\EBWebView\Default lastActive=null
2026-09-09 06:50:33.953: [INFO] LastUsedProfileDir: C:\Users\Student-A\eclipse-workspace\.metadata\.plugins\org.eclipse.swt\EBWebView\Default
2026-09-09 06:50:33.953: [INFO] OnDoneLoading sync enabled: 0
2026-09-09 06:50:33.953: [INFO] BookmarkModelLoaded, ids_reassigned: 0
2026-09-09 06:50:33.953: [INFO] BookmarksLoadDropped droppedNodes=0
2026-09-09 06:50:33.953: [INFO] BookmarksSnapshot Startup total=0 bar=0 other=0 mobile=0 showBar=0 showBarNTP=1
2026-09-09 07:06:26.634: [INFO] BookmarksSnapshot Shutdown total=0 bar=0 other=0 mobile=0 showBar=0 showBarNTP=1
2026-09-09 07:08:01.577: [INFO] CurrentProfilePath: C:\Users\Student-A\eclipse-workspace\.metadata\.plugins\org.eclipse.swt\EBWebView\Default
2026-09-09 07:08:01.577: [INFO] Profiles total count: 1
2026-09-09 07:08:01.577: [INFO] Profile: name=Profile 1 path=C:\Users\Student-A\eclipse-workspace\.metadata\.plugins\org.eclipse.swt\EBWebView\Default lastActive=2026-09-09T06:56:54.159Z
2026-09-09 07:08:01.577: [INFO] LastUsedProfileDir: C:\Users\Student-A\eclipse-workspace\.metadata\.plugins\org.eclipse.swt\EBWebView\Default
2026-09-09 07:08:01.577: [INFO] MostRecentlyActiveProfile: name=Profile 1 path=C:\Users\Student-A\eclipse-workspace\.metadata\.plugins\org.eclipse.swt\EBWebView\Default lastActive=2026-09-09T06:56:54.159Z
2026-09-09 07:08:01.577: [INFO] OnDoneLoading sync enabled: 0
2026-09-09 07:08:01.577: [INFO] BookmarkModelLoaded, ids_reassigned: 0
2026-09-09 07:08:01.577: [INFO] BookmarksLoadDropped droppedNodes=0
2026-09-09 07:08:01.577: [INFO] BookmarksSnapshot Startup total=0 bar=0 other=0 mobile=0 showBar=0 showBarNTP=1
2026-09-09 07:55:51.004: [INFO] BookmarksSnapshot Shutdown total=0 bar=0 other=0 mobile=0 showBar=0 showBarNTP=1
2026-09-11 09:58:23.610: [INFO] CurrentProfilePath: C:\Users\Student-A\eclipse-workspace\.metadata\.plugins\org.eclipse.swt\EBWebView\Default
2026-09-11 09:58:23.610: [INFO] Profiles total count: 1
2026-09-11 09:58:23.610: [INFO] Profile: name=Profile 1 path=C:\Users\Student-A\eclipse-workspace\.metadata\.plugins\org.eclipse.swt\EBWebView\Default lastActive=2026-09-09T07:08:37.707Z
2026-09-11 09:58:23.610: [INFO] LastUsedProfileDir: C:\Users\Student-A\eclipse-workspace\.metadata\.plugins\org.eclipse.swt\EBWebView\Default
2026-09-11 09:58:23.610: [INFO] MostRecentlyActiveProfile: name=Profile 1 path=C:\Users\Student-A\eclipse-workspace\.metadata\.plugins\org.eclipse.swt\EBWebView\Default lastActive=2026-09-09T07:08:37.707Z
2026-09-11 09:58:23.610: [INFO] OnDoneLoading sync enabled: 0
2026-09-11 09:58:23.610: [INFO] BookmarkModelLoaded, ids_reassigned: 0
2026-09-11 09:58:23.610: [INFO] BookmarksLoadDropped droppedNodes=0
2026-09-11 09:58:23.610: [INFO] BookmarksSnapshot Startup total=0 bar=0 other=0 mobile=0 showBar=0 showBarNTP=1
2026-09-11 10:52:12.680: [INFO] BookmarksSnapshot Shutdown total=0 bar=0 other=0 mobile=0 showBar=0 showBarNTP=1
2026-09-15 04:56:10.604: [INFO] CurrentProfilePath: C:\Users\Student-A\eclipse-workspace\.metadata\.plugins\org.eclipse.swt\EBWebView\Default
2026-09-15 04:56:10.604: [INFO] Profiles total count: 1
2026-09-15 04:56:10.604: [INFO] Profile: name=Profile 1 path=C:\Users\Student-A\eclipse-workspace\.metadata\.plugins\org.eclipse.swt\EBWebView\Default lastActive=2026-09-11T10:17:42.775Z
2026-09-15 04:56:10.604: [INFO] LastUsedProfileDir: C:\Users\Student-A\eclipse-workspace\.metadata\.plugins\org.eclipse.swt\EBWebView\Default
2026-09-15 04:56:10.604: [INFO] MostRecentlyActiveProfile: name=Profile 1 path=C:\Users\Student-A\eclipse-workspace\.metadata\.plugins\org.eclipse.swt\EBWebView\Default lastActive=2026-09-11T10:17:42.775Z
2026-09-15 04:56:10.604: [INFO] OnDoneLoading sync enabled: 0
2026-09-15 04:56:10.604: [INFO] BookmarkModelLoaded, ids_reassigned: 0
2026-09-15 04:56:10.604: [INFO] BookmarksLoadDropped droppedNodes=0
2026-09-15 04:56:10.604: [INFO] BookmarksSnapshot Startup total=0 bar=0 other=0 mobile=0 showBar=0 showBarNTP=1
2026-09-15 04:56:38.824: [INFO] BookmarksSnapshot Shutdown total=0 bar=0 other=0 mobile=0 showBar=0 showBarNTP=1
2026-09-15 05:00:02.873: [INFO] CurrentProfilePath: C:\Users\Student-A\eclipse-workspace\.metadata\.plugins\org.eclipse.swt\EBWebView\Default
2026-09-15 05:00:02.873: [INFO] Profiles total count: 1
2026-09-15 05:00:02.873: [INFO] Profile: name=Profile 1 path=C:\Users\Student-A\eclipse-workspace\.metadata\.plugins\org.eclipse.swt\EBWebView\Default lastActive=2026-09-11T10:17:42.775Z
2026-09-15 05:00:02.873: [INFO] LastUsedProfileDir: C:\Users\Student-A\eclipse-workspace\.metadata\.plugins\org.eclipse.swt\EBWebView\Default
2026-09-15 05:00:02.873: [INFO] MostRecentlyActiveProfile: name=Profile 1 path=C:\Users\Student-A\eclipse-workspace\.metadata\.plugins\org.eclipse.swt\EBWebView\Default lastActive=2026-09-11T10:17:42.775Z
2026-09-15 05:00:02.873: [INFO] OnDoneLoading sync enabled: 0
2026-09-15 05:00:02.873: [INFO] BookmarkModelLoaded, ids_reassigned: 0
2026-09-15 05:00:02.873: [INFO] BookmarksLoadDropped droppedNodes=0
2026-09-15 05:00:02.873: [INFO] BookmarksSnapshot Startup total=0 bar=0 other=0 mobile=0 showBar=0 showBarNTP=1
2026-09-15 05:15:55.719: [INFO] BookmarksSnapshot Shutdown total=0 bar=0 other=0 mobile=0 showBar=0 showBarNTP=1
2026-09-15 05:16:43.378: [INFO] CurrentProfilePath: C:\Users\Student-A\eclipse-workspace\.metadata\.plugins\org.eclipse.swt\EBWebView\Default
2026-09-15 05:16:43.378: [INFO] Profiles total count: 1
2026-09-15 05:16:43.378: [INFO] Profile: name=Profile 1 path=C:\Users\Student-A\eclipse-workspace\.metadata\.plugins\org.eclipse.swt\EBWebView\Default lastActive=2026-09-15T05:09:16.002Z
2026-09-15 05:16:43.378: [INFO] LastUsedProfileDir: C:\Users\Student-A\eclipse-workspace\.metadata\.plugins\org.eclipse.swt\EBWebView\Default
2026-09-15 05:16:43.378: [INFO] MostRecentlyActiveProfile: name=Profile 1 path=C:\Users\Student-A\eclipse-workspace\.metadata\.plugins\org.eclipse.swt\EBWebView\Default lastActive=2026-09-15T05:09:16.002Z
2026-09-15 05:16:43.378: [INFO] OnDoneLoading sync enabled: 0
2026-09-15 05:16:43.378: [INFO] BookmarkModelLoaded, ids_reassigned: 0
2026-09-15 05:16:43.378: [INFO] BookmarksLoadDropped droppedNodes=0
2026-09-15 05:16:43.378: [INFO] BookmarksSnapshot Startup total=0 bar=0 other=0 mobile=0 showBar=0 showBarNTP=1
2026-09-15 05:18:29.932: [INFO] BookmarksSnapshot Shutdown total=0 bar=0 other=0 mobile=0 showBar=0 showBarNTP=1
2026-09-15 05:19:05.368: [INFO] CurrentProfilePath: C:\Users\Student-A\eclipse-workspace\.metadata\.plugins\org.eclipse.swt\EBWebView\Default
2026-09-15 05:19:05.368: [INFO] Profiles total count: 1
2026-09-15 05:19:05.368: [INFO] Profile: name=Profile 1 path=C:\Users\Student-A\eclipse-workspace\.metadata\.plugins\org.eclipse.swt\EBWebView\Default lastActive=2026-09-15T05:09:16.002Z
2026-09-15 05:19:05.368: [INFO] LastUsedProfileDir: C:\Users\Student-A\eclipse-workspace\.metadata\.plugins\org.eclipse.swt\EBWebView\Default
2026-09-15 05:19:05.368: [INFO] MostRecentlyActiveProfile: name=Profile 1 path=C:\Users\Student-A\eclipse-workspace\.metadata\.plugins\org.eclipse.swt\EBWebView\Default lastActive=2026-09-15T05:09:16.002Z
2026-09-15 05:19:05.368: [INFO] OnDoneLoading sync enabled: 0
2026-09-15 05:19:05.368: [INFO] BookmarkModelLoaded, ids_reassigned: 0
2026-09-15 05:19:05.368: [INFO] BookmarksLoadDropped droppedNodes=0
2026-09-15 05:19:05.368: [INFO] BookmarksSnapshot Startup total=0 bar=0 other=0 mobile=0 showBar=0 showBarNTP=1
2026-09-15 07:48:38.904: [INFO] BookmarksSnapshot Shutdown total=0 bar=0 other=0 mobile=0 showBar=0 showBarNTP=1
2026-09-16 05:59:13.996: [INFO] CurrentProfilePath: C:\Users\Student-A\eclipse-workspace\.metadata\.plugins\org.eclipse.swt\EBWebView\Default
2026-09-16 05:59:13.996: [INFO] Profiles total count: 1
2026-09-16 05:59:13.996: [INFO] Profile: name=Profile 1 path=C:\Users\Student-A\eclipse-workspace\.metadata\.plugins\org.eclipse.swt\EBWebView\Default lastActive=2026-09-15T05:09:16.002Z
2026-09-16 05:59:13.996: [INFO] LastUsedProfileDir: C:\Users\Student-A\eclipse-workspace\.metadata\.plugins\org.eclipse.swt\EBWebView\Default
2026-09-16 05:59:13.996: [INFO] MostRecentlyActiveProfile: name=Profile 1 path=C:\Users\Student-A\eclipse-workspace\.metadata\.plugins\org.eclipse.swt\EBWebView\Default lastActive=2026-09-15T05:09:16.002Z
2026-09-16 05:59:13.996: [INFO] OnDoneLoading sync enabled: 0
2026-09-16 05:59:13.996: [INFO] BookmarkModelLoaded, ids_reassigned: 0
2026-09-16 05:59:13.996: [INFO] BookmarksLoadDropped droppedNodes=0
2026-09-16 05:59:13.996: [INFO] BookmarksSnapshot Startup total=0 bar=0 other=0 mobile=0 showBar=0 showBarNTP=1
2026-09-16 05:59:19.689: [INFO] BookmarksSnapshot Shutdown total=0 bar=0 other=0 mobile=0 showBar=0 showBarNTP=1
2026-09-16 05:59:32.532: [INFO] CurrentProfilePath: C:\Users\Student-A\eclipse-workspace\.metadata\.plugins\org.eclipse.swt\EBWebView\Default
2026-09-16 05:59:32.532: [INFO] Profiles total count: 1
2026-09-16 05:59:32.532: [INFO] Profile: name=Profile 1 path=C:\Users\Student-A\eclipse-workspace\.metadata\.plugins\org.eclipse.swt\EBWebView\Default lastActive=2026-09-15T05:09:16.002Z
2026-09-16 05:59:32.532: [INFO] LastUsedProfileDir: C:\Users\Student-A\eclipse-workspace\.metadata\.plugins\org.eclipse.swt\EBWebView\Default
2026-09-16 05:59:32.532: [INFO] MostRecentlyActiveProfile: name=Profile 1 path=C:\Users\Student-A\eclipse-workspace\.metadata\.plugins\org.eclipse.swt\EBWebView\Default lastActive=2026-09-15T05:09:16.002Z
2026-09-16 05:59:32.532: [INFO] OnDoneLoading sync enabled: 0
2026-09-16 05:59:32.532: [INFO] BookmarkModelLoaded, ids_reassigned: 0
2026-09-16 05:59:32.532: [INFO] BookmarksLoadDropped droppedNodes=0
2026-09-16 05:59:32.532: [INFO] BookmarksSnapshot Startup total=0 bar=0 other=0 mobile=0 showBar=0 showBarNTP=1
2026-09-16 06:01:47.930: [INFO] BookmarksSnapshot Shutdown total=0 bar=0 other=0 mobile=0 showBar=0 showBarNTP=1
2026-09-16 06:18:57.861: [INFO] CurrentProfilePath: C:\Users\Student-A\eclipse-workspace\.metadata\.plugins\org.eclipse.swt\EBWebView\Default
2026-09-16 06:18:57.861: [INFO] Profiles total count: 1
2026-09-16 06:18:57.862: [INFO] Profile: name=Profile 1 path=C:\Users\Student-A\eclipse-workspace\.metadata\.plugins\org.eclipse.swt\EBWebView\Default lastActive=2026-09-15T05:09:16.002Z
2026-09-16 06:18:57.862: [INFO] LastUsedProfileDir: C:\Users\Student-A\eclipse-workspace\.metadata\.plugins\org.eclipse.swt\EBWebView\Default
2026-09-16 06:18:57.862: [INFO] MostRecentlyActiveProfile: name=Profile 1 path=C:\Users\Student-A\eclipse-workspace\.metadata\.plugins\org.eclipse.swt\EBWebView\Default lastActive=2026-09-15T05:09:16.002Z
2026-09-16 06:18:57.862: [INFO] OnDoneLoading sync enabled: 0
2026-09-16 06:18:57.862: [INFO] BookmarkModelLoaded, ids_reassigned: 0
2026-09-16 06:18:57.862: [INFO] BookmarksLoadDropped droppedNodes=0
2026-09-16 06:18:57.862: [INFO] BookmarksSnapshot Startup total=0 bar=0 other=0 mobile=0 showBar=0 showBarNTP=1
2026-09-16 06:19:03.537: [INFO] BookmarksSnapshot Shutdown total=0 bar=0 other=0 mobile=0 showBar=0 showBarNTP=1
2026-09-16 06:19:47.145: [INFO] CurrentProfilePath: C:\Users\Student-A\eclipse-workspace\.metadata\.plugins\org.eclipse.swt\EBWebView\Default
2026-09-16 06:19:47.145: [INFO] Profiles total count: 1
2026-09-16 06:19:47.145: [INFO] Profile: name=Profile 1 path=C:\Users\Student-A\eclipse-workspace\.metadata\.plugins\org.eclipse.swt\EBWebView\Default lastActive=2026-09-15T05:09:16.002Z
2026-09-16 06:19:47.145: [INFO] LastUsedProfileDir: C:\Users\Student-A\eclipse-workspace\.metadata\.plugins\org.eclipse.swt\EBWebView\Default
2026-09-16 06:19:47.145: [INFO] MostRecentlyActiveProfile: name=Profile 1 path=C:\Users\Student-A\eclipse-workspace\.metadata\.plugins\org.eclipse.swt\EBWebView\Default lastActive=2026-09-15T05:09:16.002Z
2026-09-16 06:19:47.145: [INFO] OnDoneLoading sync enabled: 0
2026-09-16 06:19:47.145: [INFO] BookmarkModelLoaded, ids_reassigned: 0
2026-09-16 06:19:47.145: [INFO] BookmarksLoadDropped droppedNodes=0
2026-09-16 06:19:47.145: [INFO] BookmarksSnapshot Startup total=0 bar=0 other=0 mobile=0 showBar=0 showBarNTP=1
2026-09-16 06:22:45.075: [INFO] BookmarksSnapshot Shutdown total=0 bar=0 other=0 mobile=0 showBar=0 showBarNTP=1
2026-09-16 06:27:43.191: [INFO] CurrentProfilePath: C:\Users\Student-A\eclipse-workspace\.metadata\.plugins\org.eclipse.swt\EBWebView\Default
2026-09-16 06:27:43.191: [INFO] Profiles total count: 1
2026-09-16 06:27:43.191: [INFO] Profile: name=Profile 1 path=C:\Users\Student-A\eclipse-workspace\.metadata\.plugins\org.eclipse.swt\EBWebView\Default lastActive=2026-09-15T05:09:16.002Z
2026-09-16 06:27:43.191: [INFO] LastUsedProfileDir: C:\Users\Student-A\eclipse-workspace\.metadata\.plugins\org.eclipse.swt\EBWebView\Default
2026-09-16 06:27:43.191: [INFO] MostRecentlyActiveProfile: name=Profile 1 path=C:\Users\Student-A\eclipse-workspace\.metadata\.plugins\org.eclipse.swt\EBWebView\Default lastActive=2026-09-15T05:09:16.002Z
2026-09-16 06:27:43.191: [INFO] OnDoneLoading sync enabled: 0
2026-09-16 06:27:43.191: [INFO] BookmarkModelLoaded, ids_reassigned: 0
2026-09-16 06:27:43.191: [INFO] BookmarksLoadDropped droppedNodes=0
2026-09-16 06:27:43.191: [INFO] BookmarksSnapshot Startup total=0 bar=0 other=0 mobile=0 showBar=0 showBarNTP=1
2026-09-16 06:29:19.654: [INFO] BookmarksSnapshot Shutdown total=0 bar=0 other=0 mobile=0 showBar=0 showBarNTP=1
2026-09-16 06:29:48.001: [INFO] CurrentProfilePath: C:\Users\Student-A\eclipse-workspace\.metadata\.plugins\org.eclipse.swt\EBWebView\Default
2026-09-16 06:29:48.001: [INFO] Profiles total count: 1
2026-09-16 06:29:48.001: [INFO] Profile: name=Profile 1 path=C:\Users\Student-A\eclipse-workspace\.metadata\.plugins\org.eclipse.swt\EBWebView\Default lastActive=2026-09-15T05:09:16.002Z
2026-09-16 06:29:48.001: [INFO] LastUsedProfileDir: C:\Users\Student-A\eclipse-workspace\.metadata\.plugins\org.eclipse.swt\EBWebView\Default
2026-09-16 06:29:48.001: [INFO] MostRecentlyActiveProfile: name=Profile 1 path=C:\Users\Student-A\eclipse-workspace\.metadata\.plugins\org.eclipse.swt\EBWebView\Default lastActive=2026-09-15T05:09:16.002Z
2026-09-16 06:29:48.001: [INFO] OnDoneLoading sync enabled: 0
2026-09-16 06:29:48.001: [INFO] BookmarkModelLoaded, ids_reassigned: 0
2026-09-16 06:29:48.001: [INFO] BookmarksLoadDropped droppedNodes=0
2026-09-16 06:29:48.001: [INFO] BookmarksSnapshot Startup total=0 bar=0 other=0 mobile=0 showBar=0 showBarNTP=1
2026-09-16 06:30:08.349: [INFO] BookmarksSnapshot Shutdown total=0 bar=0 other=0 mobile=0 showBar=0 showBarNTP=1
2026-09-16 06:30:30.577: [INFO] CurrentProfilePath: C:\Users\Student-A\eclipse-workspace\.metadata\.plugins\org.eclipse.swt\EBWebView\Default
2026-09-16 06:30:30.577: [INFO] Profiles total count: 1
2026-09-16 06:30:30.577: [INFO] Profile: name=Profile 1 path=C:\Users\Student-A\eclipse-workspace\.metadata\.plugins\org.eclipse.swt\EBWebView\Default lastActive=2026-09-15T05:09:16.002Z
2026-09-16 06:30:30.577: [INFO] LastUsedProfileDir: C:\Users\Student-A\eclipse-workspace\.metadata\.plugins\org.eclipse.swt\EBWebView\Default
2026-09-16 06:30:30.577: [INFO] MostRecentlyActiveProfile: name=Profile 1 path=C:\Users\Student-A\eclipse-workspace\.metadata\.plugins\org.eclipse.swt\EBWebView\Default lastActive=2026-09-15T05:09:16.002Z
2026-09-16 06:30:30.577: [INFO] OnDoneLoading sync enabled: 0
2026-09-16 06:30:30.577: [INFO] BookmarkModelLoaded, ids_reassigned: 0
2026-09-16 06:30:30.577: [INFO] BookmarksLoadDropped droppedNodes=0
2026-09-16 06:30:30.577: [INFO] BookmarksSnapshot Startup total=0 bar=0 other=0 mobile=0 showBar=0 showBarNTP=1
2026-09-16 06:30:42.170: [INFO] BookmarksSnapshot Shutdown total=0 bar=0 other=0 mobile=0 showBar=0 showBarNTP=1
2026-09-16 06:31:22.208: [INFO] CurrentProfilePath: C:\Users\Student-A\eclipse-workspace\.metadata\.plugins\org.eclipse.swt\EBWebView\Default
2026-09-16 06:31:22.208: [INFO] Profiles total count: 1
2026-09-16 06:31:22.208: [INFO] Profile: name=Profile 1 path=C:\Users\Student-A\eclipse-workspace\.metadata\.plugins\org.eclipse.swt\EBWebView\Default lastActive=2026-09-15T05:09:16.002Z
2026-09-16 06:31:22.208: [INFO] LastUsedProfileDir: C:\Users\Student-A\eclipse-workspace\.metadata\.plugins\org.eclipse.swt\EBWebView\Default
2026-09-16 06:31:22.208: [INFO] MostRecentlyActiveProfile: name=Profile 1 path=C:\Users\Student-A\eclipse-workspace\.metadata\.plugins\org.eclipse.swt\EBWebView\Default lastActive=2026-09-15T05:09:16.002Z
2026-09-16 06:31:22.208: [INFO] OnDoneLoading sync enabled: 0
2026-09-16 06:31:22.208: [INFO] BookmarkModelLoaded, ids_reassigned: 0
2026-09-16 06:31:22.208: [INFO] BookmarksLoadDropped droppedNodes=0
2026-09-16 06:31:22.208: [INFO] BookmarksSnapshot Startup total=0 bar=0 other=0 mobile=0 showBar=0 showBarNTP=1
2026-09-16 07:58:25.162: [INFO] BookmarksSnapshot Shutdown total=0 bar=0 other=0 mobile=0 showBar=0 showBarNTP=1
2026-09-17 09:23:50.292: [INFO] CurrentProfilePath: C:\Users\Student-A\eclipse-workspace\.metadata\.plugins\org.eclipse.swt\EBWebView\Default
2026-09-17 09:23:50.292: [INFO] Profiles total count: 1
2026-09-17 09:23:50.292: [INFO] Profile: name=Profile 1 path=C:\Users\Student-A\eclipse-workspace\.metadata\.plugins\org.eclipse.swt\EBWebView\Default lastActive=2026-09-15T05:09:16.002Z
2026-09-17 09:23:50.292: [INFO] LastUsedProfileDir: C:\Users\Student-A\eclipse-workspace\.metadata\.plugins\org.eclipse.swt\EBWebView\Default
2026-09-17 09:23:50.292: [INFO] MostRecentlyActiveProfile: name=Profile 1 path=C:\Users\Student-A\eclipse-workspace\.metadata\.plugins\org.eclipse.swt\EBWebView\Default lastActive=2026-09-15T05:09:16.002Z
2026-09-17 09:23:50.292: [INFO] OnDoneLoading sync enabled: 0
2026-09-17 09:23:50.292: [INFO] BookmarkModelLoaded, ids_reassigned: 0
2026-09-17 09:23:50.292: [INFO] BookmarksLoadDropped droppedNodes=0
2026-09-17 09:23:50.292: [INFO] BookmarksSnapshot Startup total=0 bar=0 other=0 mobile=0 showBar=0 showBarNTP=1
2026-09-17 09:24:55.092: [INFO] BookmarksSnapshot Shutdown total=0 bar=0 other=0 mobile=0 showBar=0 showBarNTP=1
2026-09-17 09:30:04.093: [INFO] CurrentProfilePath: C:\Users\Student-A\eclipse-workspace\.metadata\.plugins\org.eclipse.swt\EBWebView\Default
2026-09-17 09:30:04.093: [INFO] Profiles total count: 1
2026-09-17 09:30:04.093: [INFO] Profile: name=Profile 1 path=C:\Users\Student-A\eclipse-workspace\.metadata\.plugins\org.eclipse.swt\EBWebView\Default lastActive=2026-09-15T05:09:16.002Z
2026-09-17 09:30:04.093: [INFO] LastUsedProfileDir: C:\Users\Student-A\eclipse-workspace\.metadata\.plugins\org.eclipse.swt\EBWebView\Default
2026-09-17 09:30:04.093: [INFO] MostRecentlyActiveProfile: name=Profile 1 path=C:\Users\Student-A\eclipse-workspace\.metadata\.plugins\org.eclipse.swt\EBWebView\Default lastActive=2026-09-15T05:09:16.002Z
2026-09-17 09:30:04.093: [INFO] OnDoneLoading sync enabled: 0
2026-09-17 09:30:04.093: [INFO] BookmarkModelLoaded, ids_reassigned: 0
2026-09-17 09:30:04.093: [INFO] BookmarksLoadDropped droppedNodes=0
2026-09-17 09:30:04.093: [INFO] BookmarksSnapshot Startup total=0 bar=0 other=0 mobile=0 showBar=0 showBarNTP=1
2026-09-17 09:30:06.333: [INFO] BookmarksSnapshot Shutdown total=0 bar=0 other=0 mobile=0 showBar=0 showBarNTP=1
2026-09-17 09:30:07.068: [INFO] CurrentProfilePath: C:\Users\Student-A\eclipse-workspace\.metadata\.plugins\org.eclipse.swt\EBWebView\Default
2026-09-17 09:30:07.068: [INFO] Profiles total count: 1
2026-09-17 09:30:07.068: [INFO] Profile: name=Profile 1 path=C:\Users\Student-A\eclipse-workspace\.metadata\.plugins\org.eclipse.swt\EBWebView\Default lastActive=2026-09-15T05:09:16.002Z
2026-09-17 09:30:07.068: [INFO] LastUsedProfileDir: C:\Users\Student-A\eclipse-workspace\.metadata\.plugins\org.eclipse.swt\EBWebView\Default
2026-09-17 09:30:07.068: [INFO] MostRecentlyActiveProfile: name=Profile 1 path=C:\Users\Student-A\eclipse-workspace\.metadata\.plugins\org.eclipse.swt\EBWebView\Default lastActive=2026-09-15T05:09:16.002Z
2026-09-17 09:30:07.068: [INFO] OnDoneLoading sync enabled: 0
2026-09-17 09:30:07.068: [INFO] BookmarkModelLoaded, ids_reassigned: 0
2026-09-17 09:30:07.068: [INFO] BookmarksLoadDropped droppedNodes=0
2026-09-17 09:30:07.068: [INFO] BookmarksSnapshot Startup total=0 bar=0 other=0 mobile=0 showBar=0 showBarNTP=1
2026-09-17 09:30:15.136: [INFO] BookmarksSnapshot Shutdown total=0 bar=0 other=0 mobile=0 showBar=0 showBarNTP=1
2026-09-17 09:45:51.197: [INFO] CurrentProfilePath: C:\Users\Student-A\eclipse-workspace\.metadata\.plugins\org.eclipse.swt\EBWebView\Default
2026-09-17 09:45:51.197: [INFO] Profiles total count: 1
2026-09-17 09:45:51.197: [INFO] Profile: name=Profile 1 path=C:\Users\Student-A\eclipse-workspace\.metadata\.plugins\org.eclipse.swt\EBWebView\Default lastActive=2026-09-15T05:09:16.002Z
2026-09-17 09:45:51.197: [INFO] LastUsedProfileDir: C:\Users\Student-A\eclipse-workspace\.metadata\.plugins\org.eclipse.swt\EBWebView\Default
2026-09-17 09:45:51.197: [INFO] MostRecentlyActiveProfile: name=Profile 1 path=C:\Users\Student-A\eclipse-workspace\.metadata\.plugins\org.eclipse.swt\EBWebView\Default lastActive=2026-09-15T05:09:16.002Z
2026-09-17 09:45:51.197: [INFO] OnDoneLoading sync enabled: 0
2026-09-17 09:45:51.197: [INFO] BookmarkModelLoaded, ids_reassigned: 0
2026-09-17 09:45:51.197: [INFO] BookmarksLoadDropped droppedNodes=0
2026-09-17 09:45:51.197: [INFO] BookmarksSnapshot Startup total=0 bar=0 other=0 mobile=0 showBar=0 showBarNTP=1
2026-09-17 10:43:01.160: [INFO] BookmarksSnapshot Shutdown total=0 bar=0 other=0 mobile=0 showBar=0 showBarNTP=1
2026-09-18 09:04:36.035: [INFO] CurrentProfilePath: C:\Users\Student-A\eclipse-workspace\.metadata\.plugins\org.eclipse.swt\EBWebView\Default
2026-09-18 09:04:36.035: [INFO] Profiles total count: 1
2026-09-18 09:04:36.035: [INFO] Profile: name=Profile 1 path=C:\Users\Student-A\eclipse-workspace\.metadata\.plugins\org.eclipse.swt\EBWebView\Default lastActive=2026-09-15T05:09:16.002Z
2026-09-18 09:04:36.035: [INFO] LastUsedProfileDir: C:\Users\Student-A\eclipse-workspace\.metadata\.plugins\org.eclipse.swt\EBWebView\Default
2026-09-18 09:04:36.035: [INFO] MostRecentlyActiveProfile: name=Profile 1 path=C:\Users\Student-A\eclipse-workspace\.metadata\.plugins\org.eclipse.swt\EBWebView\Default lastActive=2026-09-15T05:09:16.002Z
2026-09-18 09:04:36.035: [INFO] OnDoneLoading sync enabled: 0
2026-09-18 09:04:36.035: [INFO] BookmarkModelLoaded, ids_reassigned: 0
2026-09-18 09:04:36.035: [INFO] BookmarksLoadDropped droppedNodes=0
2026-09-18 09:04:36.035: [INFO] BookmarksSnapshot Startup total=0 bar=0 other=0 mobile=0 showBar=0 showBarNTP=1
2026-09-18 09:04:50.901: [INFO] BookmarksSnapshot Shutdown total=0 bar=0 other=0 mobile=0 showBar=0 showBarNTP=1
2026-09-18 09:05:27.928: [INFO] CurrentProfilePath: C:\Users\Student-A\eclipse-workspace\.metadata\.plugins\org.eclipse.swt\EBWebView\Default
2026-09-18 09:05:27.928: [INFO] Profiles total count: 1
2026-09-18 09:05:27.928: [INFO] Profile: name=Profile 1 path=C:\Users\Student-A\eclipse-workspace\.metadata\.plugins\org.eclipse.swt\EBWebView\Default lastActive=2026-09-15T05:09:16.002Z
2026-09-18 09:05:27.928: [INFO] LastUsedProfileDir: C:\Users\Student-A\eclipse-workspace\.metadata\.plugins\org.eclipse.swt\EBWebView\Default
2026-09-18 09:05:27.928: [INFO] MostRecentlyActiveProfile: name=Profile 1 path=C:\Users\Student-A\eclipse-workspace\.metadata\.plugins\org.eclipse.swt\EBWebView\Default lastActive=2026-09-15T05:09:16.002Z
2026-09-18 09:05:27.928: [INFO] OnDoneLoading sync enabled: 0
2026-09-18 09:05:27.928: [INFO] BookmarkModelLoaded, ids_reassigned: 0
2026-09-18 09:05:27.928: [INFO] BookmarksLoadDropped droppedNodes=0
2026-09-18 09:05:27.928: [INFO] BookmarksSnapshot Startup total=0 bar=0 other=0 mobile=0 showBar=0 showBarNTP=1
2026-09-18 09:22:49.889: [INFO] BookmarksSnapshot Shutdown total=0 bar=0 other=0 mobile=0 showBar=0 showBarNTP=1
2026-09-18 09:23:00.167: [INFO] CurrentProfilePath: C:\Users\Student-A\eclipse-workspace\.metadata\.plugins\org.eclipse.swt\EBWebView\Default
2026-09-18 09:23:00.167: [INFO] Profiles total count: 1
2026-09-18 09:23:00.167: [INFO] Profile: name=Profile 1 path=C:\Users\Student-A\eclipse-workspace\.metadata\.plugins\org.eclipse.swt\EBWebView\Default lastActive=2026-09-15T05:09:16.002Z
2026-09-18 09:23:00.167: [INFO] LastUsedProfileDir: C:\Users\Student-A\eclipse-workspace\.metadata\.plugins\org.eclipse.swt\EBWebView\Default
2026-09-18 09:23:00.167: [INFO] MostRecentlyActiveProfile: name=Profile 1 path=C:\Users\Student-A\eclipse-workspace\.metadata\.plugins\org.eclipse.swt\EBWebView\Default lastActive=2026-09-15T05:09:16.002Z
2026-09-18 09:23:00.167: [INFO] OnDoneLoading sync enabled: 0
2026-09-18 09:23:00.167: [INFO] BookmarkModelLoaded, ids_reassigned: 0
2026-09-18 09:23:00.167: [INFO] BookmarksLoadDropped droppedNodes=0
2026-09-18 09:23:00.167: [INFO] BookmarksSnapshot Startup total=0 bar=0 other=0 mobile=0 showBar=0 showBarNTP=1
2026-09-18 09:33:04.887: [INFO] BookmarksSnapshot Shutdown total=0 bar=0 other=0 mobile=0 showBar=0 showBarNTP=1
2026-09-18 09:33:31.587: [INFO] CurrentProfilePath: C:\Users\Student-A\eclipse-workspace\.metadata\.plugins\org.eclipse.swt\EBWebView\Default
2026-09-18 09:33:31.587: [INFO] Profiles total count: 1
2026-09-18 09:33:31.587: [INFO] Profile: name=Profile 1 path=C:\Users\Student-A\eclipse-workspace\.metadata\.plugins\org.eclipse.swt\EBWebView\Default lastActive=2026-09-15T05:09:16.002Z
2026-09-18 09:33:31.587: [INFO] LastUsedProfileDir: C:\Users\Student-A\eclipse-workspace\.metadata\.plugins\org.eclipse.swt\EBWebView\Default
2026-09-18 09:33:31.587: [INFO] MostRecentlyActiveProfile: name=Profile 1 path=C:\Users\Student-A\eclipse-workspace\.metadata\.plugins\org.eclipse.swt\EBWebView\Default lastActive=2026-09-15T05:09:16.002Z
2026-09-18 09:33:31.587: [INFO] OnDoneLoading sync enabled: 0
2026-09-18 09:33:31.587: [INFO] BookmarkModelLoaded, ids_reassigned: 0
2026-09-18 09:33:31.587: [INFO] BookmarksLoadDropped droppedNodes=0
2026-09-18 09:33:31.587: [INFO] BookmarksSnapshot Startup total=0 bar=0 other=0 mobile=0 showBar=0 showBarNTP=1
2026-09-18 09:33:35.179: [INFO] BookmarksSnapshot Shutdown total=0 bar=0 other=0 mobile=0 showBar=0 showBarNTP=1
2026-09-18 09:48:47.070: [INFO] CurrentProfilePath: C:\Users\Student-A\eclipse-workspace\.metadata\.plugins\org.eclipse.swt\EBWebView\Default
2026-09-18 09:48:47.070: [INFO] Profiles total count: 1
2026-09-18 09:48:47.070: [INFO] Profile: name=Profile 1 path=C:\Users\Student-A\eclipse-workspace\.metadata\.plugins\org.eclipse.swt\EBWebView\Default lastActive=2026-09-15T05:09:16.002Z
2026-09-18 09:48:47.070: [INFO] LastUsedProfileDir: C:\Users\Student-A\eclipse-workspace\.metadata\.plugins\org.eclipse.swt\EBWebView\Default
2026-09-18 09:48:47.070: [INFO] MostRecentlyActiveProfile: name=Profile 1 path=C:\Users\Student-A\eclipse-workspace\.metadata\.plugins\org.eclipse.swt\EBWebView\Default lastActive=2026-09-15T05:09:16.002Z
2026-09-18 09:48:47.070: [INFO] OnDoneLoading sync enabled: 0
2026-09-18 09:48:47.070: [INFO] BookmarkModelLoaded, ids_reassigned: 0
2026-09-18 09:48:47.070: [INFO] BookmarksLoadDropped droppedNodes=0
2026-09-18 09:48:47.070: [INFO] BookmarksSnapshot Startup total=0 bar=0 other=0 mobile=0 showBar=0 showBarNTP=1
2026-09-18 09:51:24.327: [INFO] BookmarksSnapshot Shutdown total=0 bar=0 other=0 mobile=0 showBar=0 showBarNTP=1
2026-09-18 09:52:26.196: [INFO] CurrentProfilePath: C:\Users\Student-A\eclipse-workspace\.metadata\.plugins\org.eclipse.swt\EBWebView\Default
2026-09-18 09:52:26.196: [INFO] Profiles total count: 1
2026-09-18 09:52:26.196: [INFO] Profile: name=Profile 1 path=C:\Users\Student-A\eclipse-workspace\.metadata\.plugins\org.eclipse.swt\EBWebView\Default lastActive=2026-09-15T05:09:16.002Z
2026-09-18 09:52:26.196: [INFO] LastUsedProfileDir: C:\Users\Student-A\eclipse-workspace\.metadata\.plugins\org.eclipse.swt\EBWebView\Default
2026-09-18 09:52:26.196: [INFO] MostRecentlyActiveProfile: name=Profile 1 path=C:\Users\Student-A\eclipse-workspace\.metadata\.plugins\org.eclipse.swt\EBWebView\Default lastActive=2026-09-15T05:09:16.002Z
2026-09-18 09:52:26.196: [INFO] OnDoneLoading sync enabled: 0
2026-09-18 09:52:26.196: [INFO] BookmarkModelLoaded, ids_reassigned: 0
2026-09-18 09:52:26.196: [INFO] BookmarksLoadDropped droppedNodes=0
2026-09-18 09:52:26.196: [INFO] BookmarksSnapshot Startup total=0 bar=0 other=0 mobile=0 showBar=0 showBarNTP=1
2026-09-18 09:54:23.587: [INFO] BookmarksSnapshot Shutdown total=0 bar=0 other=0 mobile=0 showBar=0 showBarNTP=1
2026-09-18 10:11:36.602: [INFO] CurrentProfilePath: C:\Users\Student-A\eclipse-workspace\.metadata\.plugins\org.eclipse.swt\EBWebView\Default
2026-09-18 10:11:36.602: [INFO] Profiles total count: 1
2026-09-18 10:11:36.602: [INFO] Profile: name=Profile 1 path=C:\Users\Student-A\eclipse-workspace\.metadata\.plugins\org.eclipse.swt\EBWebView\Default lastActive=2026-09-15T05:09:16.002Z
2026-09-18 10:11:36.602: [INFO] LastUsedProfileDir: C:\Users\Student-A\eclipse-workspace\.metadata\.plugins\org.eclipse.swt\EBWebView\Default
2026-09-18 10:11:36.602: [INFO] MostRecentlyActiveProfile: name=Profile 1 path=C:\Users\Student-A\eclipse-workspace\.metadata\.plugins\org.eclipse.swt\EBWebView\Default lastActive=2026-09-15T05:09:16.002Z
2026-09-18 10:11:36.602: [INFO] OnDoneLoading sync enabled: 0
2026-09-18 10:11:36.602: [INFO] BookmarkModelLoaded, ids_reassigned: 0
2026-09-18 10:11:36.602: [INFO] BookmarksLoadDropped droppedNodes=0
2026-09-18 10:11:36.602: [INFO] BookmarksSnapshot Startup total=0 bar=0 other=0 mobile=0 showBar=0 showBarNTP=1
2026-09-18 10:11:53.162: [INFO] BookmarksSnapshot Shutdown total=0 bar=0 other=0 mobile=0 showBar=0 showBarNTP=1
2026-09-18 10:13:55.273: [INFO] CurrentProfilePath: C:\Users\Student-A\eclipse-workspace\.metadata\.plugins\org.eclipse.swt\EBWebView\Default
2026-09-18 10:13:55.273: [INFO] Profiles total count: 1
2026-09-18 10:13:55.273: [INFO] Profile: name=Profile 1 path=C:\Users\Student-A\eclipse-workspace\.metadata\.plugins\org.eclipse.swt\EBWebView\Default lastActive=2026-09-15T05:09:16.002Z
2026-09-18 10:13:55.273: [INFO] LastUsedProfileDir: C:\Users\Student-A\eclipse-workspace\.metadata\.plugins\org.eclipse.swt\EBWebView\Default
2026-09-18 10:13:55.273: [INFO] MostRecentlyActiveProfile: name=Profile 1 path=C:\Users\Student-A\eclipse-workspace\.metadata\.plugins\org.eclipse.swt\EBWebView\Default lastActive=2026-09-15T05:09:16.002Z
2026-09-18 10:13:55.273: [INFO] OnDoneLoading sync enabled: 0
2026-09-18 10:13:55.273: [INFO] BookmarkModelLoaded, ids_reassigned: 0
2026-09-18 10:13:55.273: [INFO] BookmarksLoadDropped droppedNodes=0
2026-09-18 10:13:55.273: [INFO] BookmarksSnapshot Startup total=0 bar=0 other=0 mobile=0 showBar=0 showBarNTP=1
2026-09-18 10:13:59.544: [INFO] BookmarksSnapshot Shutdown total=0 bar=0 other=0 mobile=0 showBar=0 showBarNTP=1
2026-09-18 10:15:01.238: [INFO] CurrentProfilePath: C:\Users\Student-A\eclipse-workspace\.metadata\.plugins\org.eclipse.swt\EBWebView\Default
2026-09-18 10:15:01.238: [INFO] Profiles total count: 1
2026-09-18 10:15:01.238: [INFO] Profile: name=Profile 1 path=C:\Users\Student-A\eclipse-workspace\.metadata\.plugins\org.eclipse.swt\EBWebView\Default lastActive=2026-09-15T05:09:16.002Z
2026-09-18 10:15:01.238: [INFO] LastUsedProfileDir: C:\Users\Student-A\eclipse-workspace\.metadata\.plugins\org.eclipse.swt\EBWebView\Default
2026-09-18 10:15:01.238: [INFO] MostRecentlyActiveProfile: name=Profile 1 path=C:\Users\Student-A\eclipse-workspace\.metadata\.plugins\org.eclipse.swt\EBWebView\Default lastActive=2026-09-15T05:09:16.002Z
2026-09-18 10:15:01.238: [INFO] OnDoneLoading sync enabled: 0
2026-09-18 10:15:01.238: [INFO] BookmarkModelLoaded, ids_reassigned: 0
2026-09-18 10:15:01.238: [INFO] BookmarksLoadDropped droppedNodes=0
2026-09-18 10:15:01.238: [INFO] BookmarksSnapshot Startup total=0 bar=0 other=0 mobile=0 showBar=0 showBarNTP=1
2026-09-18 10:54:56.627: [INFO] BookmarksSnapshot Shutdown total=0 bar=0 other=0 mobile=0 showBar=0 showBarNTP=1
2026-09-22 06:25:07.101: [INFO] CurrentProfilePath: C:\Users\Student-A\eclipse-workspace\.metadata\.plugins\org.eclipse.swt\EBWebView\Default
2026-09-22 06:25:07.101: [INFO] Profiles total count: 1
2026-09-22 06:25:07.101: [INFO] Profile: name=Profile 1 path=C:\Users\Student-A\eclipse-workspace\.metadata\.plugins\org.eclipse.swt\EBWebView\Default lastActive=2026-09-15T05:09:16.002Z
2026-09-22 06:25:07.101: [INFO] LastUsedProfileDir: C:\Users\Student-A\eclipse-workspace\.metadata\.plugins\org.eclipse.swt\EBWebView\Default
2026-09-22 06:25:07.101: [INFO] MostRecentlyActiveProfile: name=Profile 1 path=C:\Users\Student-A\eclipse-workspace\.metadata\.plugins\org.eclipse.swt\EBWebView\Default lastActive=2026-09-15T05:09:16.002Z
2026-09-22 06:25:07.101: [INFO] OnDoneLoading sync enabled: 0
2026-09-22 06:25:07.101: [INFO] BookmarkModelLoaded, ids_reassigned: 0
2026-09-22 06:25:07.101: [INFO] BookmarksLoadDropped droppedNodes=0
2026-09-22 06:25:07.101: [INFO] BookmarksSnapshot Startup total=0 bar=0 other=0 mobile=0 showBar=0 showBarNTP=1
2026-09-22 06:31:40.070: [INFO] BookmarksSnapshot Shutdown total=0 bar=0 other=0 mobile=0 showBar=0 showBarNTP=1
2026-09-22 06:33:30.885: [INFO] CurrentProfilePath: C:\Users\Student-A\eclipse-workspace\.metadata\.plugins\org.eclipse.swt\EBWebView\Default
2026-09-22 06:33:30.885: [INFO] Profiles total count: 1
2026-09-22 06:33:30.885: [INFO] Profile: name=Profile 1 path=C:\Users\Student-A\eclipse-workspace\.metadata\.plugins\org.eclipse.swt\EBWebView\Default lastActive=2026-09-15T05:09:16.002Z
2026-09-22 06:33:30.885: [INFO] LastUsedProfileDir: C:\Users\Student-A\eclipse-workspace\.metadata\.plugins\org.eclipse.swt\EBWebView\Default
2026-09-22 06:33:30.885: [INFO] MostRecentlyActiveProfile: name=Profile 1 path=C:\Users\Student-A\eclipse-workspace\.metadata\.plugins\org.eclipse.swt\EBWebView\Default lastActive=2026-09-15T05:09:16.002Z
2026-09-22 06:33:30.885: [INFO] OnDoneLoading sync enabled: 0
2026-09-22 06:33:30.885: [INFO] BookmarkModelLoaded, ids_reassigned: 0
2026-09-22 06:33:30.885: [INFO] BookmarksLoadDropped droppedNodes=0
2026-09-22 06:33:30.885: [INFO] BookmarksSnapshot Startup total=0 bar=0 other=0 mobile=0 showBar=0 showBarNTP=1
2026-09-22 06:40:21.007: [INFO] BookmarksSnapshot Shutdown total=0 bar=0 other=0 mobile=0 showBar=0 showBarNTP=1
2026-09-22 06:42:12.279: [INFO] CurrentProfilePath: C:\Users\Student-A\eclipse-workspace\.metadata\.plugins\org.eclipse.swt\EBWebView\Default
2026-09-22 06:42:12.279: [INFO] Profiles total count: 1
2026-09-22 06:42:12.279: [INFO] Profile: name=Profile 1 path=C:\Users\Student-A\eclipse-workspace\.metadata\.plugins\org.eclipse.swt\EBWebView\Default lastActive=2026-09-15T05:09:16.002Z
2026-09-22 06:42:12.279: [INFO] LastUsedProfileDir: C:\Users\Student-A\eclipse-workspace\.metadata\.plugins\org.eclipse.swt\EBWebView\Default
2026-09-22 06:42:12.279: [INFO] MostRecentlyActiveProfile: name=Profile 1 path=C:\Users\Student-A\eclipse-workspace\.metadata\.plugins\org.eclipse.swt\EBWebView\Default lastActive=2026-09-15T05:09:16.002Z
2026-09-22 06:42:12.279: [INFO] OnDoneLoading sync enabled: 0
2026-09-22 06:42:12.279: [INFO] BookmarkModelLoaded, ids_reassigned: 0
2026-09-22 06:42:12.279: [INFO] BookmarksLoadDropped droppedNodes=0
2026-09-22 06:42:12.279: [INFO] BookmarksSnapshot Startup total=0 bar=0 other=0 mobile=0 showBar=0 showBarNTP=1
2026-09-22 06:55:53.177: [INFO] BookmarksSnapshot Shutdown total=0 bar=0 other=0 mobile=0 showBar=0 showBarNTP=1
2026-09-22 06:58:35.929: [INFO] CurrentProfilePath: C:\Users\Student-A\eclipse-workspace\.metadata\.plugins\org.eclipse.swt\EBWebView\Default
2026-09-22 06:58:35.929: [INFO] Profiles total count: 1
2026-09-22 06:58:35.929: [INFO] Profile: name=Profile 1 path=C:\Users\Student-A\eclipse-workspace\.metadata\.plugins\org.eclipse.swt\EBWebView\Default lastActive=2026-09-15T05:09:16.002Z
2026-09-22 06:58:35.929: [INFO] LastUsedProfileDir: C:\Users\Student-A\eclipse-workspace\.metadata\.plugins\org.eclipse.swt\EBWebView\Default
2026-09-22 06:58:35.929: [INFO] MostRecentlyActiveProfile: name=Profile 1 path=C:\Users\Student-A\eclipse-workspace\.metadata\.plugins\org.eclipse.swt\EBWebView\Default lastActive=2026-09-15T05:09:16.002Z
2026-09-22 06:58:35.929: [INFO] OnDoneLoading sync enabled: 0
2026-09-22 06:58:35.929: [INFO] BookmarkModelLoaded, ids_reassigned: 0
2026-09-22 06:58:35.929: [INFO] BookmarksLoadDropped droppedNodes=0
2026-09-22 06:58:35.929: [INFO] BookmarksSnapshot Startup total=0 bar=0 other=0 mobile=0 showBar=0 showBarNTP=1
2026-09-22 06:58:38.561: [INFO] BookmarksSnapshot Shutdown total=0 bar=0 other=0 mobile=0 showBar=0 showBarNTP=1
2026-09-22 06:58:47.752: [INFO] CurrentProfilePath: C:\Users\Student-A\eclipse-workspace\.metadata\.plugins\org.eclipse.swt\EBWebView\Default
2026-09-22 06:58:47.752: [INFO] Profiles total count: 1
2026-09-22 06:58:47.752: [INFO] Profile: name=Profile 1 path=C:\Users\Student-A\eclipse-workspace\.metadata\.plugins\org.eclipse.swt\EBWebView\Default lastActive=2026-09-15T05:09:16.002Z
2026-09-22 06:58:47.752: [INFO] LastUsedProfileDir: C:\Users\Student-A\eclipse-workspace\.metadata\.plugins\org.eclipse.swt\EBWebView\Default
2026-09-22 06:58:47.752: [INFO] MostRecentlyActiveProfile: name=Profile 1 path=C:\Users\Student-A\eclipse-workspace\.metadata\.plugins\org.eclipse.swt\EBWebView\Default lastActive=2026-09-15T05:09:16.002Z
2026-09-22 06:58:47.752: [INFO] OnDoneLoading sync enabled: 0
2026-09-22 06:58:47.752: [INFO] BookmarkModelLoaded, ids_reassigned: 0
2026-09-22 06:58:47.752: [INFO] BookmarksLoadDropped droppedNodes=0
2026-09-22 06:58:47.752: [INFO] BookmarksSnapshot Startup total=0 bar=0 other=0 mobile=0 showBar=0 showBarNTP=1
2026-09-22 06:59:47.539: [INFO] BookmarksSnapshot Shutdown total=0 bar=0 other=0 mobile=0 showBar=0 showBarNTP=1
2026-09-22 07:00:13.042: [INFO] CurrentProfilePath: C:\Users\Student-A\eclipse-workspace\.metadata\.plugins\org.eclipse.swt\EBWebView\Default
2026-09-22 07:00:13.042: [INFO] Profiles total count: 1
2026-09-22 07:00:13.042: [INFO] Profile: name=Profile 1 path=C:\Users\Student-A\eclipse-workspace\.metadata\.plugins\org.eclipse.swt\EBWebView\Default lastActive=2026-09-15T05:09:16.002Z
2026-09-22 07:00:13.042: [INFO] LastUsedProfileDir: C:\Users\Student-A\eclipse-workspace\.metadata\.plugins\org.eclipse.swt\EBWebView\Default
2026-09-22 07:00:13.042: [INFO] MostRecentlyActiveProfile: name=Profile 1 path=C:\Users\Student-A\eclipse-workspace\.metadata\.plugins\org.eclipse.swt\EBWebView\Default lastActive=2026-09-15T05:09:16.002Z
2026-09-22 07:00:13.042: [INFO] OnDoneLoading sync enabled: 0
2026-09-22 07:00:13.042: [INFO] BookmarkModelLoaded, ids_reassigned: 0
2026-09-22 07:00:13.042: [INFO] BookmarksLoadDropped droppedNodes=0
2026-09-22 07:00:13.042: [INFO] BookmarksSnapshot Startup total=0 bar=0 other=0 mobile=0 showBar=0 showBarNTP=1
2026-09-22 07:00:21.315: [INFO] BookmarksSnapshot Shutdown total=0 bar=0 other=0 mobile=0 showBar=0 showBarNTP=1
2026-09-22 07:00:39.512: [INFO] CurrentProfilePath: C:\Users\Student-A\eclipse-workspace\.metadata\.plugins\org.eclipse.swt\EBWebView\Default
2026-09-22 07:00:39.512: [INFO] Profiles total count: 1
2026-09-22 07:00:39.512: [INFO] Profile: name=Profile 1 path=C:\Users\Student-A\eclipse-workspace\.metadata\.plugins\org.eclipse.swt\EBWebView\Default lastActive=2026-09-15T05:09:16.002Z
2026-09-22 07:00:39.512: [INFO] LastUsedProfileDir: C:\Users\Student-A\eclipse-workspace\.metadata\.plugins\org.eclipse.swt\EBWebView\Default
2026-09-22 07:00:39.512: [INFO] MostRecentlyActiveProfile: name=Profile 1 path=C:\Users\Student-A\eclipse-workspace\.metadata\.plugins\org.eclipse.swt\EBWebView\Default lastActive=2026-09-15T05:09:16.002Z
2026-09-22 07:00:39.512: [INFO] OnDoneLoading sync enabled: 0
2026-09-22 07:00:39.512: [INFO] BookmarkModelLoaded, ids_reassigned: 0
2026-09-22 07:00:39.512: [INFO] BookmarksLoadDropped droppedNodes=0
2026-09-22 07:00:39.512: [INFO] BookmarksSnapshot Startup total=0 bar=0 other=0 mobile=0 showBar=0 showBarNTP=1
2026-09-22 07:00:43.320: [INFO] BookmarksSnapshot Shutdown total=0 bar=0 other=0 mobile=0 showBar=0 showBarNTP=1
2026-09-22 07:01:34.702: [INFO] CurrentProfilePath: C:\Users\Student-A\eclipse-workspace\.metadata\.plugins\org.eclipse.swt\EBWebView\Default
2026-09-22 07:01:34.702: [INFO] Profiles total count: 1
2026-09-22 07:01:34.702: [INFO] Profile: name=Profile 1 path=C:\Users\Student-A\eclipse-workspace\.metadata\.plugins\org.eclipse.swt\EBWebView\Default lastActive=2026-09-15T05:09:16.002Z
2026-09-22 07:01:34.702: [INFO] LastUsedProfileDir: C:\Users\Student-A\eclipse-workspace\.metadata\.plugins\org.eclipse.swt\EBWebView\Default
2026-09-22 07:01:34.702: [INFO] MostRecentlyActiveProfile: name=Profile 1 path=C:\Users\Student-A\eclipse-workspace\.metadata\.plugins\org.eclipse.swt\EBWebView\Default lastActive=2026-09-15T05:09:16.002Z
2026-09-22 07:01:34.702: [INFO] OnDoneLoading sync enabled: 0
2026-09-22 07:01:34.702: [INFO] BookmarkModelLoaded, ids_reassigned: 0
2026-09-22 07:01:34.702: [INFO] BookmarksLoadDropped droppedNodes=0
2026-09-22 07:01:34.702: [INFO] BookmarksSnapshot Startup total=0 bar=0 other=0 mobile=0 showBar=0 showBarNTP=1
2026-09-22 07:07:26.646: [INFO] BookmarksSnapshot Shutdown total=0 bar=0 other=0 mobile=0 showBar=0 showBarNTP=1
2026-09-22 07:07:45.909: [INFO] CurrentProfilePath: C:\Users\Student-A\eclipse-workspace\.metadata\.plugins\org.eclipse.swt\EBWebView\Default
2026-09-22 07:07:45.909: [INFO] Profiles total count: 1
2026-09-22 07:07:45.909: [INFO] Profile: name=Profile 1 path=C:\Users\Student-A\eclipse-workspace\.metadata\.plugins\org.eclipse.swt\EBWebView\Default lastActive=2026-09-15T05:09:16.002Z
2026-09-22 07:07:45.909: [INFO] LastUsedProfileDir: C:\Users\Student-A\eclipse-workspace\.metadata\.plugins\org.eclipse.swt\EBWebView\Default
2026-09-22 07:07:45.909: [INFO] MostRecentlyActiveProfile: name=Profile 1 path=C:\Users\Student-A\eclipse-workspace\.metadata\.plugins\org.eclipse.swt\EBWebView\Default lastActive=2026-09-15T05:09:16.002Z
2026-09-22 07:07:45.909: [INFO] OnDoneLoading sync enabled: 0
2026-09-22 07:07:45.909: [INFO] BookmarkModelLoaded, ids_reassigned: 0
2026-09-22 07:07:45.909: [INFO] BookmarksLoadDropped droppedNodes=0
2026-09-22 07:07:45.909: [INFO] BookmarksSnapshot Startup total=0 bar=0 other=0 mobile=0 showBar=0 showBarNTP=1
2026-09-22 07:13:07.120: [INFO] BookmarksSnapshot Shutdown total=0 bar=0 other=0 mobile=0 showBar=0 showBarNTP=1
2026-09-22 07:13:58.160: [INFO] CurrentProfilePath: C:\Users\Student-A\eclipse-workspace\.metadata\.plugins\org.eclipse.swt\EBWebView\Default
2026-09-22 07:13:58.160: [INFO] Profiles total count: 1
2026-09-22 07:13:58.160: [INFO] Profile: name=Profile 1 path=C:\Users\Student-A\eclipse-workspace\.metadata\.plugins\org.eclipse.swt\EBWebView\Default lastActive=2026-09-15T05:09:16.002Z
2026-09-22 07:13:58.160: [INFO] LastUsedProfileDir: C:\Users\Student-A\eclipse-workspace\.metadata\.plugins\org.eclipse.swt\EBWebView\Default
2026-09-22 07:13:58.160: [INFO] MostRecentlyActiveProfile: name=Profile 1 path=C:\Users\Student-A\eclipse-workspace\.metadata\.plugins\org.eclipse.swt\EBWebView\Default lastActive=2026-09-15T05:09:16.002Z
2026-09-22 07:13:58.160: [INFO] OnDoneLoading sync enabled: 0
2026-09-22 07:13:58.160: [INFO] BookmarkModelLoaded, ids_reassigned: 0
2026-09-22 07:13:58.160: [INFO] BookmarksLoadDropped droppedNodes=0
2026-09-22 07:13:58.160: [INFO] BookmarksSnapshot Startup total=0 bar=0 other=0 mobile=0 showBar=0 showBarNTP=1
2026-09-22 07:36:16.263: [INFO] BookmarksSnapshot Shutdown total=0 bar=0 other=0 mobile=0 showBar=0 showBarNTP=1
2026-09-22 07:36:23.390: [INFO] CurrentProfilePath: C:\Users\Student-A\eclipse-workspace\.metadata\.plugins\org.eclipse.swt\EBWebView\Default
2026-09-22 07:36:23.390: [INFO] Profiles total count: 1
2026-09-22 07:36:23.390: [INFO] Profile: name=Profile 1 path=C:\Users\Student-A\eclipse-workspace\.metadata\.plugins\org.eclipse.swt\EBWebView\Default lastActive=2026-09-15T05:09:16.002Z
2026-09-22 07:36:23.390: [INFO] LastUsedProfileDir: C:\Users\Student-A\eclipse-workspace\.metadata\.plugins\org.eclipse.swt\EBWebView\Default
2026-09-22 07:36:23.390: [INFO] MostRecentlyActiveProfile: name=Profile 1 path=C:\Users\Student-A\eclipse-workspace\.metadata\.plugins\org.eclipse.swt\EBWebView\Default lastActive=2026-09-15T05:09:16.002Z
2026-09-22 07:36:23.390: [INFO] OnDoneLoading sync enabled: 0
2026-09-22 07:36:23.390: [INFO] BookmarkModelLoaded, ids_reassigned: 0
2026-09-22 07:36:23.390: [INFO] BookmarksLoadDropped droppedNodes=0
2026-09-22 07:36:23.390: [INFO] BookmarksSnapshot Startup total=0 bar=0 other=0 mobile=0 showBar=0 showBarNTP=1
2026-09-22 07:49:18.722: [INFO] BookmarksSnapshot Shutdown total=0 bar=0 other=0 mobile=0 showBar=0 showBarNTP=1
2026-09-23 06:20:58.502: [INFO] CurrentProfilePath: C:\Users\Student-A\eclipse-workspace\.metadata\.plugins\org.eclipse.swt\EBWebView\Default
2026-09-23 06:20:58.502: [INFO] Profiles total count: 1
2026-09-23 06:20:58.502: [INFO] Profile: name=Profile 1 path=C:\Users\Student-A\eclipse-workspace\.metadata\.plugins\org.eclipse.swt\EBWebView\Default lastActive=2026-09-15T05:09:16.002Z
2026-09-23 06:20:58.502: [INFO] LastUsedProfileDir: C:\Users\Student-A\eclipse-workspace\.metadata\.plugins\org.eclipse.swt\EBWebView\Default
2026-09-23 06:20:58.502: [INFO] MostRecentlyActiveProfile: name=Profile 1 path=C:\Users\Student-A\eclipse-workspace\.metadata\.plugins\org.eclipse.swt\EBWebView\Default lastActive=2026-09-15T05:09:16.002Z
2026-09-23 06:20:58.502: [INFO] OnDoneLoading sync enabled: 0
2026-09-23 06:20:58.502: [INFO] BookmarkModelLoaded, ids_reassigned: 0
2026-09-23 06:20:58.502: [INFO] BookmarksLoadDropped droppedNodes=0
2026-09-23 06:20:58.502: [INFO] BookmarksSnapshot Startup total=0 bar=0 other=0 mobile=0 showBar=0 showBarNTP=1
2026-09-23 06:21:17.851: [INFO] BookmarksSnapshot Shutdown total=0 bar=0 other=0 mobile=0 showBar=0 showBarNTP=1
2026-09-23 06:21:40.366: [INFO] CurrentProfilePath: C:\Users\Student-A\eclipse-workspace\.metadata\.plugins\org.eclipse.swt\EBWebView\Default
2026-09-23 06:21:40.366: [INFO] Profiles total count: 1
2026-09-23 06:21:40.366: [INFO] Profile: name=Profile 1 path=C:\Users\Student-A\eclipse-workspace\.metadata\.plugins\org.eclipse.swt\EBWebView\Default lastActive=2026-09-15T05:09:16.002Z
2026-09-23 06:21:40.366: [INFO] LastUsedProfileDir: C:\Users\Student-A\eclipse-workspace\.metadata\.plugins\org.eclipse.swt\EBWebView\Default
2026-09-23 06:21:40.366: [INFO] MostRecentlyActiveProfile: name=Profile 1 path=C:\Users\Student-A\eclipse-workspace\.metadata\.plugins\org.eclipse.swt\EBWebView\Default lastActive=2026-09-15T05:09:16.002Z
2026-09-23 06:21:40.366: [INFO] OnDoneLoading sync enabled: 0
2026-09-23 06:21:40.366: [INFO] BookmarkModelLoaded, ids_reassigned: 0
2026-09-23 06:21:40.366: [INFO] BookmarksLoadDropped droppedNodes=0
2026-09-23 06:21:40.366: [INFO] BookmarksSnapshot Startup total=0 bar=0 other=0 mobile=0 showBar=0 showBarNTP=1
2026-09-23 07:08:51.962: [INFO] BookmarksSnapshot Shutdown total=0 bar=0 other=0 mobile=0 showBar=0 showBarNTP=1
2026-09-23 09:33:42.975: [INFO] CurrentProfilePath: C:\Users\Student-A\eclipse-workspace\.metadata\.plugins\org.eclipse.swt\EBWebView\Default
2026-09-23 09:33:42.975: [INFO] Profiles total count: 1
2026-09-23 09:33:42.975: [INFO] Profile: name=Profile 1 path=C:\Users\Student-A\eclipse-workspace\.metadata\.plugins\org.eclipse.swt\EBWebView\Default lastActive=2026-09-15T05:09:16.002Z
2026-09-23 09:33:42.975: [INFO] LastUsedProfileDir: C:\Users\Student-A\eclipse-workspace\.metadata\.plugins\org.eclipse.swt\EBWebView\Default
2026-09-23 09:33:42.975: [INFO] MostRecentlyActiveProfile: name=Profile 1 path=C:\Users\Student-A\eclipse-workspace\.metadata\.plugins\org.eclipse.swt\EBWebView\Default lastActive=2026-09-15T05:09:16.002Z
2026-09-23 09:33:42.975: [INFO] OnDoneLoading sync enabled: 0
2026-09-23 09:33:42.975: [INFO] BookmarkModelLoaded, ids_reassigned: 0
2026-09-23 09:33:42.975: [INFO] BookmarksLoadDropped droppedNodes=0
2026-09-23 09:33:42.975: [INFO] BookmarksSnapshot Startup total=0 bar=0 other=0 mobile=0 showBar=0 showBarNTP=1
2026-09-23 09:33:49.754: [INFO] BookmarksSnapshot Shutdown total=0 bar=0 other=0 mobile=0 showBar=0 showBarNTP=1
2026-09-23 09:36:25.109: [INFO] CurrentProfilePath: C:\Users\Student-A\eclipse-workspace\.metadata\.plugins\org.eclipse.swt\EBWebView\Default
2026-09-23 09:36:25.109: [INFO] Profiles total count: 1
2026-09-23 09:36:25.109: [INFO] Profile: name=Profile 1 path=C:\Users\Student-A\eclipse-workspace\.metadata\.plugins\org.eclipse.swt\EBWebView\Default lastActive=2026-09-15T05:09:16.002Z
2026-09-23 09:36:25.109: [INFO] LastUsedProfileDir: C:\Users\Student-A\eclipse-workspace\.metadata\.plugins\org.eclipse.swt\EBWebView\Default
2026-09-23 09:36:25.109: [INFO] MostRecentlyActiveProfile: name=Profile 1 path=C:\Users\Student-A\eclipse-workspace\.metadata\.plugins\org.eclipse.swt\EBWebView\Default lastActive=2026-09-15T05:09:16.002Z
2026-09-23 09:36:25.109: [INFO] OnDoneLoading sync enabled: 0
2026-09-23 09:36:25.109: [INFO] BookmarkModelLoaded, ids_reassigned: 0
2026-09-23 09:36:25.109: [INFO] BookmarksLoadDropped droppedNodes=0
2026-09-23 09:36:25.109: [INFO] BookmarksSnapshot Startup total=0 bar=0 other=0 mobile=0 showBar=0 showBarNTP=1
2026-09-23 09:56:48.092: [INFO] BookmarksSnapshot Shutdown total=0 bar=0 other=0 mobile=0 showBar=0 showBarNTP=1
2026-09-23 10:01:17.108: [INFO] CurrentProfilePath: C:\Users\Student-A\eclipse-workspace\.metadata\.plugins\org.eclipse.swt\EBWebView\Default
2026-09-23 10:01:17.108: [INFO] Profiles total count: 1
2026-09-23 10:01:17.108: [INFO] Profile: name=Profile 1 path=C:\Users\Student-A\eclipse-workspace\.metadata\.plugins\org.eclipse.swt\EBWebView\Default lastActive=2026-09-15T05:09:16.002Z
2026-09-23 10:01:17.108: [INFO] LastUsedProfileDir: C:\Users\Student-A\eclipse-workspace\.metadata\.plugins\org.eclipse.swt\EBWebView\Default
2026-09-23 10:01:17.108: [INFO] MostRecentlyActiveProfile: name=Profile 1 path=C:\Users\Student-A\eclipse-workspace\.metadata\.plugins\org.eclipse.swt\EBWebView\Default lastActive=2026-09-15T05:09:16.002Z
2026-09-23 10:01:17.108: [INFO] OnDoneLoading sync enabled: 0
2026-09-23 10:01:17.108: [INFO] BookmarkModelLoaded, ids_reassigned: 0
2026-09-23 10:01:17.108: [INFO] BookmarksLoadDropped droppedNodes=0
2026-09-23 10:01:17.108: [INFO] BookmarksSnapshot Startup total=0 bar=0 other=0 mobile=0 showBar=0 showBarNTP=1
2026-09-23 10:59:00.098: [INFO] BookmarksSnapshot Shutdown total=0 bar=0 other=0 mobile=0 showBar=0 showBarNTP=1
2026-09-24 03:50:35.000: [INFO] CurrentProfilePath: C:\Users\Student-A\eclipse-workspace\.metadata\.plugins\org.eclipse.swt\EBWebView\Default
2026-09-24 03:50:35.000: [INFO] Profiles total count: 1
2026-09-24 03:50:35.000: [INFO] Profile: name=Profile 1 path=C:\Users\Student-A\eclipse-workspace\.metadata\.plugins\org.eclipse.swt\EBWebView\Default lastActive=2026-09-15T05:09:16.002Z
2026-09-24 03:50:35.000: [INFO] LastUsedProfileDir: C:\Users\Student-A\eclipse-workspace\.metadata\.plugins\org.eclipse.swt\EBWebView\Default
2026-09-24 03:50:35.000: [INFO] MostRecentlyActiveProfile: name=Profile 1 path=C:\Users\Student-A\eclipse-workspace\.metadata\.plugins\org.eclipse.swt\EBWebView\Default lastActive=2026-09-15T05:09:16.002Z
2026-09-24 03:50:35.000: [INFO] OnDoneLoading sync enabled: 0
2026-09-24 03:50:35.000: [INFO] BookmarkModelLoaded, ids_reassigned: 0
2026-09-24 03:50:35.000: [INFO] BookmarksLoadDropped droppedNodes=0
2026-09-24 03:50:35.000: [INFO] BookmarksSnapshot Startup total=0 bar=0 other=0 mobile=0 showBar=0 showBarNTP=1
2026-09-24 04:37:19.880: [INFO] BookmarksSnapshot Shutdown total=0 bar=0 other=0 mobile=0 showBar=0 showBarNTP=1
2026-09-24 04:41:10.333: [INFO] CurrentProfilePath: C:\Users\Student-A\eclipse-workspace\.metadata\.plugins\org.eclipse.swt\EBWebView\Default
2026-09-24 04:41:10.333: [INFO] Profiles total count: 1
2026-09-24 04:41:10.333: [INFO] Profile: name=Profile 1 path=C:\Users\Student-A\eclipse-workspace\.metadata\.plugins\org.eclipse.swt\EBWebView\Default lastActive=2026-09-15T05:09:16.002Z
2026-09-24 04:41:10.333: [INFO] LastUsedProfileDir: C:\Users\Student-A\eclipse-workspace\.metadata\.plugins\org.eclipse.swt\EBWebView\Default
2026-09-24 04:41:10.333: [INFO] MostRecentlyActiveProfile: name=Profile 1 path=C:\Users\Student-A\eclipse-workspace\.metadata\.plugins\org.eclipse.swt\EBWebView\Default lastActive=2026-09-15T05:09:16.002Z
2026-09-24 04:41:10.333: [INFO] OnDoneLoading sync enabled: 0
2026-09-24 04:41:10.333: [INFO] BookmarkModelLoaded, ids_reassigned: 0
2026-09-24 04:41:10.333: [INFO] BookmarksLoadDropped droppedNodes=0
2026-09-24 04:41:10.333: [INFO] BookmarksSnapshot Startup total=0 bar=0 other=0 mobile=0 showBar=0 showBarNTP=1
2026-09-24 04:42:00.880: [INFO] BookmarksSnapshot Shutdown total=0 bar=0 other=0 mobile=0 showBar=0 showBarNTP=1
2026-09-24 04:44:11.861: [INFO] CurrentProfilePath: C:\Users\Student-A\eclipse-workspace\.metadata\.plugins\org.eclipse.swt\EBWebView\Default
2026-09-24 04:44:11.861: [INFO] Profiles total count: 1
2026-09-24 04:44:11.861: [INFO] Profile: name=Profile 1 path=C:\Users\Student-A\eclipse-workspace\.metadata\.plugins\org.eclipse.swt\EBWebView\Default lastActive=2026-09-15T05:09:16.002Z
2026-09-24 04:44:11.861: [INFO] LastUsedProfileDir: C:\Users\Student-A\eclipse-workspace\.metadata\.plugins\org.eclipse.swt\EBWebView\Default
2026-09-24 04:44:11.861: [INFO] MostRecentlyActiveProfile: name=Profile 1 path=C:\Users\Student-A\eclipse-workspace\.metadata\.plugins\org.eclipse.swt\EBWebView\Default lastActive=2026-09-15T05:09:16.002Z
2026-09-24 04:44:11.861: [INFO] OnDoneLoading sync enabled: 0
2026-09-24 04:44:11.861: [INFO] BookmarkModelLoaded, ids_reassigned: 0
2026-09-24 04:44:11.861: [INFO] BookmarksLoadDropped droppedNodes=0
2026-09-24 04:44:11.861: [INFO] BookmarksSnapshot Startup total=0 bar=0 other=0 mobile=0 showBar=0 showBarNTP=1
2026-09-24 05:37:01.027: [INFO] BookmarksSnapshot Shutdown total=0 bar=0 other=0 mobile=0 showBar=0 showBarNTP=1
2026-09-24 06:36:12.716: [INFO] CurrentProfilePath: C:\Users\Student-A\eclipse-workspace\.metadata\.plugins\org.eclipse.swt\EBWebView\Default
2026-09-24 06:36:12.716: [INFO] Profiles total count: 1
2026-09-24 06:36:12.716: [INFO] Profile: name=Profile 1 path=C:\Users\Student-A\eclipse-workspace\.metadata\.plugins\org.eclipse.swt\EBWebView\Default lastActive=2026-09-15T05:09:16.002Z
2026-09-24 06:36:12.716: [INFO] LastUsedProfileDir: C:\Users\Student-A\eclipse-workspace\.metadata\.plugins\org.eclipse.swt\EBWebView\Default
2026-09-24 06:36:12.716: [INFO] MostRecentlyActiveProfile: name=Profile 1 path=C:\Users\Student-A\eclipse-workspace\.metadata\.plugins\org.eclipse.swt\EBWebView\Default lastActive=2026-09-15T05:09:16.002Z
2026-09-24 06:36:12.716: [INFO] OnDoneLoading sync enabled: 0
2026-09-24 06:36:12.716: [INFO] BookmarkModelLoaded, ids_reassigned: 0
2026-09-24 06:36:12.716: [INFO] BookmarksLoadDropped droppedNodes=0
2026-09-24 06:36:12.716: [INFO] BookmarksSnapshot Startup total=0 bar=0 other=0 mobile=0 showBar=0 showBarNTP=1
2026-09-24 06:36:40.590: [INFO] BookmarksSnapshot Shutdown total=0 bar=0 other=0 mobile=0 showBar=0 showBarNTP=1
2026-09-24 06:36:40.662: [INFO] CurrentProfilePath: C:\Users\Student-A\eclipse-workspace\.metadata\.plugins\org.eclipse.swt\EBWebView\Default
2026-09-24 06:36:40.662: [INFO] Profiles total count: 1
2026-09-24 06:36:40.662: [INFO] Profile: name=Profile 1 path=C:\Users\Student-A\eclipse-workspace\.metadata\.plugins\org.eclipse.swt\EBWebView\Default lastActive=2026-09-15T05:09:16.002Z
2026-09-24 06:36:40.662: [INFO] LastUsedProfileDir: C:\Users\Student-A\eclipse-workspace\.metadata\.plugins\org.eclipse.swt\EBWebView\Default
2026-09-24 06:36:40.662: [INFO] MostRecentlyActiveProfile: name=Profile 1 path=C:\Users\Student-A\eclipse-workspace\.metadata\.plugins\org.eclipse.swt\EBWebView\Default lastActive=2026-09-15T05:09:16.002Z
2026-09-24 06:36:40.662: [INFO] OnDoneLoading sync enabled: 0
2026-09-24 06:36:40.662: [INFO] BookmarkModelLoaded, ids_reassigned: 0
2026-09-24 06:36:40.662: [INFO] BookmarksLoadDropped droppedNodes=0
2026-09-24 06:36:40.662: [INFO] BookmarksSnapshot Startup total=0 bar=0 other=0 mobile=0 showBar=0 showBarNTP=1
2026-09-24 07:48:44.037: [INFO] BookmarksSnapshot Shutdown total=0 bar=0 other=0 mobile=0 showBar=0 showBarNTP=1
2026-09-24 09:54:17.830: [INFO] CurrentProfilePath: C:\Users\Student-A\eclipse-workspace\.metadata\.plugins\org.eclipse.swt\EBWebView\Default
2026-09-24 09:54:17.830: [INFO] Profiles total count: 1
2026-09-24 09:54:17.830: [INFO] Profile: name=Profile 1 path=C:\Users\Student-A\eclipse-workspace\.metadata\.plugins\org.eclipse.swt\EBWebView\Default lastActive=2026-09-15T05:09:16.002Z
2026-09-24 09:54:17.830: [INFO] LastUsedProfileDir: C:\Users\Student-A\eclipse-workspace\.metadata\.plugins\org.eclipse.swt\EBWebView\Default
2026-09-24 09:54:17.830: [INFO] MostRecentlyActiveProfile: name=Profile 1 path=C:\Users\Student-A\eclipse-workspace\.metadata\.plugins\org.eclipse.swt\EBWebView\Default lastActive=2026-09-15T05:09:16.002Z
2026-09-24 09:54:17.830: [INFO] OnDoneLoading sync enabled: 0
2026-09-24 09:54:17.830: [INFO] BookmarkModelLoaded, ids_reassigned: 0
2026-09-24 09:54:17.830: [INFO] BookmarksLoadDropped droppedNodes=0
2026-09-24 09:54:17.830: [INFO] BookmarksSnapshot Startup total=0 bar=0 other=0 mobile=0 showBar=0 showBarNTP=1
2026-09-24 10:43:59.239: [INFO] BookmarksSnapshot Shutdown total=0 bar=0 other=0 mobile=0 showBar=0 showBarNTP=1
2026-09-25 09:10:01.162: [INFO] CurrentProfilePath: C:\Users\Student-A\eclipse-workspace\.metadata\.plugins\org.eclipse.swt\EBWebView\Default
2026-09-25 09:10:01.162: [INFO] Profiles total count: 1
2026-09-25 09:10:01.162: [INFO] Profile: name=Profile 1 path=C:\Users\Student-A\eclipse-workspace\.metadata\.plugins\org.eclipse.swt\EBWebView\Default lastActive=2026-09-15T05:09:16.002Z
2026-09-25 09:10:01.162: [INFO] LastUsedProfileDir: C:\Users\Student-A\eclipse-workspace\.metadata\.plugins\org.eclipse.swt\EBWebView\Default
2026-09-25 09:10:01.162: [INFO] MostRecentlyActiveProfile: name=Profile 1 path=C:\Users\Student-A\eclipse-workspace\.metadata\.plugins\org.eclipse.swt\EBWebView\Default lastActive=2026-09-15T05:09:16.002Z
2026-09-25 09:10:01.162: [INFO] OnDoneLoading sync enabled: 0
2026-09-25 09:10:01.162: [INFO] BookmarkModelLoaded, ids_reassigned: 0
2026-09-25 09:10:01.162: [INFO] BookmarksLoadDropped droppedNodes=0
2026-09-25 09:10:01.163: [INFO] BookmarksSnapshot Startup total=0 bar=0 other=0 mobile=0 showBar=0 showBarNTP=1
2026-09-25 09:10:08.617: [INFO] BookmarksSnapshot Shutdown total=0 bar=0 other=0 mobile=0 showBar=0 showBarNTP=1
2026-09-25 09:13:10.756: [INFO] CurrentProfilePath: C:\Users\Student-A\eclipse-workspace\.metadata\.plugins\org.eclipse.swt\EBWebView\Default
2026-09-25 09:13:10.756: [INFO] Profiles total count: 1
2026-09-25 09:13:10.756: [INFO] Profile: name=Profile 1 path=C:\Users\Student-A\eclipse-workspace\.metadata\.plugins\org.eclipse.swt\EBWebView\Default lastActive=2026-09-15T05:09:16.002Z
2026-09-25 09:13:10.756: [INFO] LastUsedProfileDir: C:\Users\Student-A\eclipse-workspace\.metadata\.plugins\org.eclipse.swt\EBWebView\Default
2026-09-25 09:13:10.756: [INFO] MostRecentlyActiveProfile: name=Profile 1 path=C:\Users\Student-A\eclipse-workspace\.metadata\.plugins\org.eclipse.swt\EBWebView\Default lastActive=2026-09-15T05:09:16.002Z
2026-09-25 09:13:10.756: [INFO] OnDoneLoading sync enabled: 0
2026-09-25 09:13:10.756: [INFO] BookmarkModelLoaded, ids_reassigned: 0
2026-09-25 09:13:10.756: [INFO] BookmarksLoadDropped droppedNodes=0
2026-09-25 09:13:10.756: [INFO] BookmarksSnapshot Startup total=0 bar=0 other=0 mobile=0 showBar=0 showBarNTP=1
2026-09-25 09:13:14.504: [INFO] BookmarksSnapshot Shutdown total=0 bar=0 other=0 mobile=0 showBar=0 showBarNTP=1
2026-09-25 09:14:00.295: [INFO] CurrentProfilePath: C:\Users\Student-A\eclipse-workspace\.metadata\.plugins\org.eclipse.swt\EBWebView\Default
2026-09-25 09:14:00.295: [INFO] Profiles total count: 1
2026-09-25 09:14:00.295: [INFO] Profile: name=Profile 1 path=C:\Users\Student-A\eclipse-workspace\.metadata\.plugins\org.eclipse.swt\EBWebView\Default lastActive=2026-09-15T05:09:16.002Z
2026-09-25 09:14:00.295: [INFO] LastUsedProfileDir: C:\Users\Student-A\eclipse-workspace\.metadata\.plugins\org.eclipse.swt\EBWebView\Default
2026-09-25 09:14:00.295: [INFO] MostRecentlyActiveProfile: name=Profile 1 path=C:\Users\Student-A\eclipse-workspace\.metadata\.plugins\org.eclipse.swt\EBWebView\Default lastActive=2026-09-15T05:09:16.002Z
2026-09-25 09:14:00.295: [INFO] OnDoneLoading sync enabled: 0
2026-09-25 09:14:00.295: [INFO] BookmarkModelLoaded, ids_reassigned: 0
2026-09-25 09:14:00.295: [INFO] BookmarksLoadDropped droppedNodes=0
2026-09-25 09:14:00.295: [INFO] BookmarksSnapshot Startup total=0 bar=0 other=0 mobile=0 showBar=0 showBarNTP=1
2026-09-25 09:16:58.588: [INFO] BookmarksSnapshot Shutdown total=0 bar=0 other=0 mobile=0 showBar=0 showBarNTP=1
2026-09-25 09:18:55.354: [INFO] CurrentProfilePath: C:\Users\Student-A\eclipse-workspace\.metadata\.plugins\org.eclipse.swt\EBWebView\Default
2026-09-25 09:18:55.354: [INFO] Profiles total count: 1
2026-09-25 09:18:55.355: [INFO] Profile: name=Profile 1 path=C:\Users\Student-A\eclipse-workspace\.metadata\.plugins\org.eclipse.swt\EBWebView\Default lastActive=2026-09-15T05:09:16.002Z
2026-09-25 09:18:55.355: [INFO] LastUsedProfileDir: C:\Users\Student-A\eclipse-workspace\.metadata\.plugins\org.eclipse.swt\EBWebView\Default
2026-09-25 09:18:55.355: [INFO] MostRecentlyActiveProfile: name=Profile 1 path=C:\Users\Student-A\eclipse-workspace\.metadata\.plugins\org.eclipse.swt\EBWebView\Default lastActive=2026-09-15T05:09:16.002Z
2026-09-25 09:18:55.355: [INFO] OnDoneLoading sync enabled: 0
2026-09-25 09:18:55.355: [INFO] BookmarkModelLoaded, ids_reassigned: 0
2026-09-25 09:18:55.355: [INFO] BookmarksLoadDropped droppedNodes=0
2026-09-25 09:18:55.355: [INFO] BookmarksSnapshot Startup total=0 bar=0 other=0 mobile=0 showBar=0 showBarNTP=1
2026-09-25 09:19:27.268: [INFO] BookmarksSnapshot Shutdown total=0 bar=0 other=0 mobile=0 showBar=0 showBarNTP=1
2026-09-25 09:48:29.922: [INFO] CurrentProfilePath: C:\Users\Student-A\eclipse-workspace\.metadata\.plugins\org.eclipse.swt\EBWebView\Default
2026-09-25 09:48:29.922: [INFO] Profiles total count: 1
2026-09-25 09:48:29.922: [INFO] Profile: name=Profile 1 path=C:\Users\Student-A\eclipse-workspace\.metadata\.plugins\org.eclipse.swt\EBWebView\Default lastActive=2026-09-15T05:09:16.002Z
2026-09-25 09:48:29.922: [INFO] LastUsedProfileDir: C:\Users\Student-A\eclipse-workspace\.metadata\.plugins\org.eclipse.swt\EBWebView\Default
2026-09-25 09:48:29.922: [INFO] MostRecentlyActiveProfile: name=Profile 1 path=C:\Users\Student-A\eclipse-workspace\.metadata\.plugins\org.eclipse.swt\EBWebView\Default lastActive=2026-09-15T05:09:16.002Z
2026-09-25 09:48:29.922: [INFO] OnDoneLoading sync enabled: 0
2026-09-25 09:48:29.922: [INFO] BookmarkModelLoaded, ids_reassigned: 0
2026-09-25 09:48:29.922: [INFO] BookmarksLoadDropped droppedNodes=0
2026-09-25 09:48:29.922: [INFO] BookmarksSnapshot Startup total=0 bar=0 other=0 mobile=0 showBar=0 showBarNTP=1
2026-09-25 09:51:01.784: [INFO] BookmarksSnapshot Shutdown total=0 bar=0 other=0 mobile=0 showBar=0 showBarNTP=1
2026-09-25 09:52:46.016: [INFO] CurrentProfilePath: C:\Users\Student-A\eclipse-workspace\.metadata\.plugins\org.eclipse.swt\EBWebView\Default
2026-09-25 09:52:46.016: [INFO] Profiles total count: 1
2026-09-25 09:52:46.016: [INFO] Profile: name=Profile 1 path=C:\Users\Student-A\eclipse-workspace\.metadata\.plugins\org.eclipse.swt\EBWebView\Default lastActive=2026-09-15T05:09:16.002Z
2026-09-25 09:52:46.016: [INFO] LastUsedProfileDir: C:\Users\Student-A\eclipse-workspace\.metadata\.plugins\org.eclipse.swt\EBWebView\Default
2026-09-25 09:52:46.016: [INFO] MostRecentlyActiveProfile: name=Profile 1 path=C:\Users\Student-A\eclipse-workspace\.metadata\.plugins\org.eclipse.swt\EBWebView\Default lastActive=2026-09-15T05:09:16.002Z
2026-09-25 09:52:46.016: [INFO] OnDoneLoading sync enabled: 0
2026-09-25 09:52:46.016: [INFO] BookmarkModelLoaded, ids_reassigned: 0
2026-09-25 09:52:46.016: [INFO] BookmarksLoadDropped droppedNodes=0
2026-09-25 09:52:46.016: [INFO] BookmarksSnapshot Startup total=0 bar=0 other=0 mobile=0 showBar=0 showBarNTP=1
2026-09-25 09:57:31.398: [INFO] BookmarksSnapshot Shutdown total=0 bar=0 other=0 mobile=0 showBar=0 showBarNTP=1
2026-09-25 09:57:37.953: [INFO] CurrentProfilePath: C:\Users\Student-A\eclipse-workspace\.metadata\.plugins\org.eclipse.swt\EBWebView\Default
2026-09-25 09:57:37.953: [INFO] Profiles total count: 1
2026-09-25 09:57:37.953: [INFO] Profile: name=Profile 1 path=C:\Users\Student-A\eclipse-workspace\.metadata\.plugins\org.eclipse.swt\EBWebView\Default lastActive=2026-09-15T05:09:16.002Z
2026-09-25 09:57:37.953: [INFO] LastUsedProfileDir: C:\Users\Student-A\eclipse-workspace\.metadata\.plugins\org.eclipse.swt\EBWebView\Default
2026-09-25 09:57:37.953: [INFO] MostRecentlyActiveProfile: name=Profile 1 path=C:\Users\Student-A\eclipse-workspace\.metadata\.plugins\org.eclipse.swt\EBWebView\Default lastActive=2026-09-15T05:09:16.002Z
2026-09-25 09:57:37.953: [INFO] OnDoneLoading sync enabled: 0
2026-09-25 09:57:37.953: [INFO] BookmarkModelLoaded, ids_reassigned: 0
2026-09-25 09:57:37.953: [INFO] BookmarksLoadDropped droppedNodes=0
2026-09-25 09:57:37.953: [INFO] BookmarksSnapshot Startup total=0 bar=0 other=0 mobile=0 showBar=0 showBarNTP=1
2026-09-25 10:52:33.740: [INFO] BookmarksSnapshot Shutdown total=0 bar=0 other=0 mobile=0 showBar=0 showBarNTP=1
2026-09-26 04:52:45.940: [INFO] CurrentProfilePath: C:\Users\Student-A\eclipse-workspace\.metadata\.plugins\org.eclipse.swt\EBWebView\Default
2026-09-26 04:52:45.940: [INFO] Profiles total count: 1
2026-09-26 04:52:45.940: [INFO] Profile: name=Profile 1 path=C:\Users\Student-A\eclipse-workspace\.metadata\.plugins\org.eclipse.swt\EBWebView\Default lastActive=2026-09-15T05:09:16.002Z
2026-09-26 04:52:45.940: [INFO] LastUsedProfileDir: C:\Users\Student-A\eclipse-workspace\.metadata\.plugins\org.eclipse.swt\EBWebView\Default
2026-09-26 04:52:45.940: [INFO] MostRecentlyActiveProfile: name=Profile 1 path=C:\Users\Student-A\eclipse-workspace\.metadata\.plugins\org.eclipse.swt\EBWebView\Default lastActive=2026-09-15T05:09:16.002Z
2026-09-26 04:52:45.940: [INFO] OnDoneLoading sync enabled: 0
2026-09-26 04:52:45.940: [INFO] BookmarkModelLoaded, ids_reassigned: 0
2026-09-26 04:52:45.940: [INFO] BookmarksLoadDropped droppedNodes=0
2026-09-26 04:52:45.940: [INFO] BookmarksSnapshot Startup total=0 bar=0 other=0 mobile=0 showBar=0 showBarNTP=1
